// 同步 ID: 04e06cda @ Tue Jul 14 17:47:18 UTC 2026
// 同步 ID: 75edfa87 @ Tue Jul 14 20:47:08 UTC 2026
// 重构日志: 56718de9
// 重构日志: 726439f8
// 重构日志: e5ce3883
// 重构日志: 6e316d02
// 重构日志: 74146fa0
// 重构日志: 916a75e2
// 同步 ID: b4afe731 @ Thu Jul 16 17:16:55 UTC 2026
// 同步 ID: d1fe9114 @ Fri Jul 17 05:12:59 UTC 2026
// 重构日志: a4e8f034
// 同步 ID: f5b6102b @ Sat Jul 18 11:46:36 UTC 2026
// 重构日志: fd67c7b6
// 重构日志: 3ce4dd0d
// 重构日志: c52a955a
// 重构日志: f81efd8e
// 同步 ID: c0e1450e @ Mon Jul 20 08:49:18 UTC 2026
// 同步 ID: fb6001af @ Mon Jul 20 17:37:55 UTC 2026
// 同步 ID: 3b26e1bf @ Tue Jul 21 15:35:03 UTC 2026
// 同步 ID: 565f5c18 @ Wed Jul 22 05:25:25 UTC 2026
// 重构日志: acd228da
// 重构日志: 0c75821a
// 同步 ID: 34052dbb @ Thu Jul 23 08:20:39 UTC 2026
// 重构日志: c668d8ac
// 重构日志: 5fd53ac4
// 重构日志: dcec8c6b
// 同步 ID: 0f9785a8 @ Sat Jul 25 11:36:26 UTC 2026
// 同步 ID: a8eea965 @ Tue Jul 28 04:21:21 UTC 2026
// 同步 ID: 947ef72e @ Tue Jul 28 10:50:07 UTC 2026
// 同步 ID: 762c8d60 @ Tue Jul 28 17:23:21 UTC 2026
